// Jest Snapshot v1, https://goo.gl/fbAQLP

exports[`ast -> render  happy path simple element 1`] = `
"const { toDisplayString : _toDisplayString, createElementBlock : _createElementBlock } = vue
return function render(_ctx, _cache){ return _createElementBlock( \\"div\\", null, \\"hi,\\" + _toDisplayString(_ctx.message)) }"
`;

exports[`ast -> render  happy path simple interpolation 1`] = `
"const { toDisplayString : _toDisplayString } = vue
return function render(_ctx, _cache){ return _toDisplayString(_ctx.message) }"
`;

exports[`ast -> render  happy path simple str 1`] = `
"
return function render(_ctx, _cache){ return \\"hi\\" }"
`;
